// Jest Snapshot v1, https://goo.gl/fbAQLP

exports[`AWS Cloudwatch Transport 1`] = `
"2009-02-13T23:31:30.000Z		TRACE	trace	{\\"level\\":10,\\"random\\":{\\"bool\\":true,\\"str\\":\\"hello\\",\\"number\\":12,\\"arr\\":[1,2,3]}}
2009-02-13T23:31:30.000Z		DEBUG	Debug	{\\"level\\":20}
2009-02-13T23:31:30.000Z		INFO	Info	{\\"level\\":30}
2009-02-13T23:31:30.000Z		WARN	Warn	{\\"level\\":40}
2009-02-13T23:31:30.000Z		ERROR	Error	{\\"level\\":50,\\"err\\":{\\"stack\\":[\\"stuff\\",\\"code\\"]}}
2009-02-13T23:31:30.000Z		FATAL	Fatal	{\\"level\\":60,\\"err\\":{\\"stack\\":[\\"stuff\\",\\"code\\"]}}"
`;
