// Jest Snapshot v1, https://goo.gl/fbAQLP

exports[`AWS Cloudwatch Transport 1`] = `
"2009-02-13T23:31:30.000Z		TRACE	trace	{\\"pid\\":1,\\"hostname\\":\\"test\\",\\"random\\":{\\"bool\\":true,\\"str\\":\\"hello\\",\\"number\\":12,\\"arr\\":[1,2,3]}}
2009-02-13T23:31:30.000Z		DEBUG	Debug	
2009-02-13T23:31:30.000Z		INFO	Info	
2009-02-13T23:31:30.000Z		WARN	Warn	
2009-02-13T23:31:30.000Z		ERROR	Error	{\\"stack\\":[\\"stuff\\",\\"code\\"]}
2009-02-13T23:31:30.000Z		FATAL	Fatal	{\\"stack\\":[\\"stuff\\",\\"code\\"]}"
`;
