// Jest Snapshot v1, https://goo.gl/fbAQLP

exports[`Context Wrapper Basic 1`] = `
Array [
  Array [
    Object {
      "ctx": Object {
        "name": "CONTEXTNAME",
      },
      "level": 30,
      "msg": "hello",
      "time": 2009-02-13T23:31:30.000Z,
    },
  ],
]
`;

exports[`Context Wrapper Lambda 1`] = `
Array [
  Array [
    "2009-02-13T23:31:30.000Z		INFO	logger outside before	{\\"level\\":30}
",
  ],
  Array [
    "2009-02-13T23:31:30.000Z		INFO	logger inside	{\\"level\\":30}
",
  ],
  Array [
    "2009-02-13T23:31:30.000Z		INFO	logger outside after	{\\"level\\":30}
",
  ],
  Array [
    "2009-02-13T23:31:30.000Z		INFO	childLogger inside	{\\"level\\":30,\\"childData\\":\\"1\\"}
",
  ],
]
`;
