// Jest Snapshot v1, https://goo.gl/fbAQLP

exports[`Events logger.end 1`] = `
Array [
  Array [
    Object {
      "level": 30,
      "msg": "Hello",
      "time": 2009-02-13T23:31:30.000Z,
    },
  ],
  Array [
    Object {
      "level": 30,
      "msg": "Hello",
      "time": 2009-02-13T23:31:30.000Z,
    },
  ],
  Array [
    Object {
      "level": 30,
      "msg": "Hello",
      "time": 2009-02-13T23:31:30.000Z,
    },
  ],
  Array [
    Object {
      "level": 30,
      "msg": "Hello",
      "time": 2009-02-13T23:31:30.000Z,
    },
  ],
  Array [
    Object {
      "level": 30,
      "msg": "Hello",
      "time": 2009-02-13T23:31:30.000Z,
    },
  ],
  Array [
    Object {
      "level": 30,
      "msg": "Hello",
      "time": 2009-02-13T23:31:30.000Z,
    },
  ],
]
`;

exports[`Events logger.end 2`] = `
Array [
  Array [
    Object {
      "level": 30,
      "msg": "Hello",
      "time": 2009-02-13T23:31:30.000Z,
    },
  ],
  Array [
    Object {
      "level": 30,
      "msg": "Hello",
      "time": 2009-02-13T23:31:30.000Z,
    },
  ],
  Array [
    Object {
      "level": 30,
      "msg": "Hello",
      "time": 2009-02-13T23:31:30.000Z,
    },
  ],
  Array [
    Object {
      "level": 30,
      "msg": "Hello",
      "time": 2009-02-13T23:31:30.000Z,
    },
  ],
  Array [
    Object {
      "level": 30,
      "msg": "Hello",
      "time": 2009-02-13T23:31:30.000Z,
    },
  ],
  Array [
    Object {
      "level": 30,
      "msg": "Hello",
      "time": 2009-02-13T23:31:30.000Z,
    },
  ],
]
`;
