// Jest Snapshot v1, https://goo.gl/fbAQLP

exports[`Pretty Transport pretty logger force-color 1`] = `
"[90m2009-02-13T23:31:30.000Z[39m [31mERROR[39m  { err: { message: [32m'hello'[39m } }
"
`;

exports[`Pretty Transport pretty logger no-color 1`] = `
"2009-02-13T23:31:30.000Z INFO    kek { random: { arr: [ 1, 2, 3 ], bool: true, number: 12, str: 'hello' } }
"
`;
